liveness start Sa.  8 Aug. 2026 23:01:59 CEST
23:01:59 200 0.083583s
23:02:02 200 0.073816s
23:02:05 200 0.084055s
23:02:09 200 0.087916s
23:02:12 200 0.094601s
23:02:15 200 0.083426s
23:02:18 200 0.077778s
23:02:21 200 0.021989s
23:02:24 200 0.090825s
23:02:27 200 0.090494s
23:02:30 200 0.089529s
23:02:34 200 0.087184s
23:02:37 200 0.078438s
23:02:40 200 0.097416s
23:02:43 200 0.101845s
23:02:46 200 0.065947s
23:02:49 200 0.076951s
23:02:52 200 0.071724s
23:02:55 200 0.081300s
23:02:59 200 0.068305s
23:03:02 200 0.081997s
23:03:05 200 0.078876s
23:03:08 200 0.071807s
23:03:11 200 0.080112s
23:03:14 200 0.066157s
23:03:17 200 0.076464s
23:03:21 200 0.072251s
23:03:24 200 0.071061s
23:03:27 200 0.078848s
23:03:30 200 0.091914s
23:03:33 200 0.076392s
23:03:36 200 0.077314s
23:03:39 200 0.067669s
23:03:42 200 0.073561s
23:03:46 200 0.085309s
23:03:49 200 0.068629s
23:03:52 200 0.082921s
23:03:55 200 0.063388s
23:03:58 200 0.085965s
23:04:01 200 0.073597s
23:04:04 200 0.070838s
23:04:07 200 0.076417s
23:04:11 200 0.083423s
23:04:14 200 0.075844s
23:04:17 200 0.086410s
23:04:20 200 0.078849s
23:04:23 200 0.068554s
23:04:26 200 0.076888s
23:04:29 200 0.107863s
23:04:33 200 0.061179s
23:04:36 200 0.076625s
23:04:39 200 0.082371s
23:04:42 200 0.081050s
23:04:45 200 0.073519s
23:04:48 200 0.089878s
23:04:51 200 0.073445s
23:04:54 200 0.076662s
23:04:58 200 0.070938s
23:05:01 200 0.081927s
23:05:04 200 0.089408s
23:05:07 200 0.102590s
23:05:10 200 0.083014s
23:05:13 200 0.084633s
23:05:16 200 0.080433s
23:05:20 200 0.074139s
23:05:23 200 0.079529s
23:05:26 200 0.078245s
23:05:29 200 0.076562s
23:05:32 200 0.081338s
23:05:35 200 0.087255s
23:05:38 200 0.073756s
23:05:42 200 0.074363s
23:05:45 200 0.069118s
23:05:48 200 0.080262s
23:05:51 200 0.085269s
23:05:54 200 0.106988s
23:05:57 200 0.065686s
23:06:00 200 0.094317s
23:06:03 200 0.084220s
23:06:07 200 0.089869s
23:06:10 200 0.076872s
23:06:13 200 0.072895s
23:06:16 200 0.086079s
23:06:19 200 0.085263s
23:06:22 200 0.062025s
23:06:25 200 0.084937s
23:06:29 200 0.080230s
23:06:32 200 0.076887s
23:06:35 200 0.094607s
23:06:38 200 0.072466s
23:06:41 200 0.065622s
23:06:44 200 0.067353s
23:06:47 200 0.072646s
23:06:50 200 0.071250s
23:06:54 200 0.082078s
23:06:57 200 0.072091s
23:07:00 200 0.073138s
23:07:03 200 0.089086s
23:07:06 200 0.081619s
23:07:09 200 0.094919s
23:07:12 200 0.071118s
23:07:16 200 0.095276s
23:07:19 200 0.073516s
23:07:22 200 0.075668s
23:07:25 200 0.078923s
23:07:28 200 0.076795s
23:07:31 200 0.068463s
23:07:34 200 0.071645s
23:07:37 200 0.082549s
23:07:41 200 0.073182s
23:07:44 200 0.082748s
23:07:47 200 0.069476s
23:07:50 200 0.078052s
23:07:53 200 0.063356s
23:07:56 200 0.078271s
23:07:59 200 0.075603s
23:08:03 200 0.066240s
23:08:06 200 0.077836s
23:08:09 200 0.073127s
23:08:12 200 0.098137s
23:08:15 200 0.082863s
23:08:18 200 0.069644s
23:08:21 200 0.069765s
23:08:24 200 0.086886s
23:08:28 200 0.095381s
23:08:31 200 0.085502s
23:08:34 200 0.079699s
23:08:37 200 0.067594s
23:08:40 200 0.076225s
23:08:43 200 0.078430s
23:08:46 200 0.096165s
23:08:50 200 0.084353s
23:08:53 200 0.081356s
23:08:56 200 0.065166s
23:08:59 200 0.075391s
23:09:02 200 0.084638s
23:09:05 200 0.102000s
23:09:08 200 0.066224s
23:09:11 200 0.092128s
23:09:15 200 0.096379s
23:09:18 200 0.077374s
23:09:21 200 0.075300s
23:09:24 200 0.090108s
23:09:27 200 0.091134s
23:09:30 200 0.090605s
23:09:33 200 0.078568s
23:09:37 200 0.059288s
23:09:40 200 0.083575s
23:09:43 200 0.079695s
23:09:46 200 0.089584s
23:09:49 200 0.075046s
23:09:52 200 0.075371s
23:09:55 200 0.070431s
23:09:58 200 0.079767s
23:10:02 200 0.075408s
23:10:05 200 0.085003s
23:10:08 200 0.100830s
23:10:11 200 0.083052s
23:10:14 200 0.080357s
23:10:17 200 0.081729s
23:10:20 200 0.042911s
23:10:23 200 0.081300s
23:10:27 200 0.023702s
23:10:30 200 0.081585s
23:10:33 200 0.094902s
23:10:36 200 0.090604s
23:10:39 200 0.083118s
23:10:44 200 1.501032s
23:10:47 200 0.037147s
23:10:57 200 7.765237s
23:11:01 200 0.057756s
23:11:13 200 9.654823s
23:11:36 000 20.008624s
DEGRADED 23:11:36 code=000 20.008624s (strike 1)
23:11:59 000 20.011089s
DEGRADED 23:11:59 code=000 20.011089s (strike 2)
*** WEDGE CONFIRMED Sa.  8 Aug. 2026 23:11:59 CEST ***
23:11:26 / HTTPD103I ..THREAD 00283FC8 worker thread
23:11:26 / HTTPD104I .....EYE CTHDTASK  .....TCB 009B0AB0  ..OWNTCB 009CD7D8
23:11:26 / HTTPD105I .TERMECB 00000000  ......RC 00000000  STACKSZE 00010000
23:11:26 / HTTPD106I ....FUNC 000983F4  ....ARG1 000CF380  ....ARG2 002826E0
23:11:26 / HTTPD112I ..WORKER 002826E0  .....EYE CTHDWORK  .WAITECB 00000000
23:11:26 / HTTPD113I .....MGR 000CE968  ....TASK 00283FC8  ...QUEUE 002C3758
23:11:26 / HTTPD114I ...STATE 00000001 RUNNING
23:11:26 / HTTPD115I ...START 000000006A77932B  Sat Aug  8 15:35:55 2026
23:11:26 / HTTPD116I ....WAIT 000000006A7798AA  Sat Aug  8 15:59:22 2026
23:11:26 / HTTPD117I ....DISP 000000006A7798DC  Sat Aug  8 16:00:12 2026
23:11:26 / HTTPD141I .DISPCNT 2
23:11:26 / HTTPD118I PROTOCOL HTTP      ....USER IBMUSER   ...GROUP ADMIN
23:11:26 / HTTPD119I ..REMOTE CLIENT    ....PORT    56095  ......IP 192.168.0.23
23:11:26 / HTTPD120I ..SOCKET       15  ....PORT    56095  ......IP 192.168.0.23
23:11:26 / HTTPD199I -------------------------------------------------------
23:11:26 / HTTPD103I ..THREAD 003F3FC8 worker thread
23:11:26 / HTTPD104I .....EYE CTHDTASK  .....TCB 009B1258  ..OWNTCB 009CD7D8
23:11:26 / HTTPD105I .TERMECB 00000000  ......RC 00000000  STACKSZE 00010000
23:11:26 / HTTPD106I ....FUNC 000983F4  ....ARG1 000CF380  ....ARG2 0022E360
23:11:26 / HTTPD112I ..WORKER 0022E360  .....EYE CTHDWORK  .WAITECB 00000000
23:11:26 / HTTPD113I .....MGR 000CE968  ....TASK 003F3FC8  ...QUEUE 00538348
23:11:26 / HTTPD114I ...STATE 00000001 RUNNING
23:11:26 / HTTPD115I ...START 000000006A779947  Sat Aug  8 16:01:59 2026
23:11:26 / HTTPD116I ....WAIT 000000006A779B71  Sat Aug  8 16:11:13 2026
23:11:26 / HTTPD117I ....DISP 000000006A779B71  Sat Aug  8 16:11:13 2026
23:11:26 / HTTPD141I .DISPCNT 377
23:11:26 / HTTPD118I PROTOCOL HTTP      ....USER IBMUSER   ...GROUP ADMIN
23:11:26 / HTTPD119I ..REMOTE CLIENT    ....PORT    56818  ......IP 192.168.0.23
23:11:26 / HTTPD120I ..SOCKET       22  ....PORT    56818  ......IP 192.168.0.23
23:11:26 / HTTPD199I -------------------------------------------------------
23:11:26 / HTTPD103I ..THREAD 004AEFC8 worker thread
23:11:26 / HTTPD104I .....EYE CTHDTASK  .....TCB 009968D8  ..OWNTCB 009CD7D8
23:11:26 / HTTPD105I .TERMECB 00000000  ......RC 00000000  STACKSZE 00010000
23:11:26 / HTTPD106I ....FUNC 000983F4  ....ARG1 000CF380  ....ARG2 004AB038
23:11:26 / HTTPD112I ..WORKER 004AB038  .....EYE CTHDWORK  .WAITECB 00000000
23:11:26 / HTTPD113I .....MGR 000CE968  ....TASK 004AEFC8  ...QUEUE 004A33E8
23:11:26 / HTTPD114I ...STATE 00000001 RUNNING
23:11:26 / HTTPD115I ...START 000000006A779AF1  Sat Aug  8 16:09:05 2026
23:11:26 / HTTPD116I ....WAIT 000000006A779B0A  Sat Aug  8 16:09:30 2026
23:11:26 / HTTPD117I ....DISP 000000006A779B0C  Sat Aug  8 16:09:32 2026
23:11:26 / HTTPD141I .DISPCNT 12
23:11:26 / HTTPD118I PROTOCOL HTTP      ....USER IBMUSER   ...GROUP ADMIN
23:11:26 / HTTPD119I ..REMOTE CLIENT    ....PORT    56712  ......IP 192.168.0.23
23:11:26 / HTTPD120I ..SOCKET       19  ....PORT    56712  ......IP 192.168.0.23
23:11:26 / HTTPD199I -------------------------------------------------------
23:11:26 / HTTPD103I ..THREAD 005D2FC8 worker thread
23:11:26 / HTTPD104I .....EYE CTHDTASK  .....TCB 0099C608  ..OWNTCB 009CD7D8
23:11:26 / HTTPD105I .TERMECB 00000000  ......RC 00000000  STACKSZE 00010000
23:11:26 / HTTPD106I ....FUNC 000983F4  ....ARG1 000CF380  ....ARG2 00591808
23:11:26 / HTTPD112I ..WORKER 00591808  .....EYE CTHDWORK  .WAITECB 00000000
23:11:26 / HTTPD113I .....MGR 000CE968  ....TASK 005D2FC8  ...QUEUE 00419E10
23:11:26 / HTTPD114I ...STATE 00000001 RUNNING
23:11:26 / HTTPD115I ...START 000000006A779B0D  Sat Aug  8 16:09:33 2026
23:11:26 / HTTPD116I ....WAIT 000000006A779B4F  Sat Aug  8 16:10:39 2026
23:11:26 / HTTPD117I ....DISP 000000006A779B50  Sat Aug  8 16:10:40 2026
23:11:26 / HTTPD141I .DISPCNT 27
23:11:26 / HTTPD118I PROTOCOL HTTP      ....USER IBMUSER   ...GROUP ADMIN
23:11:26 / HTTPD119I ..REMOTE CLIENT    ....PORT    56797  ......IP 192.168.0.23
23:11:26 / HTTPD120I ..SOCKET       20  ....PORT    56797  ......IP 192.168.0.23
23:11:26 / HTTPD199I -------------------------------------------------------
23:11:59 HHC00013I '/' input entered for console 0:0009: "F HTTPD,D THREADS"
23:11:59 F HTTPD,D THREADS
23:11:59 / HTTPD100I CONS(2) "D THREADS"
23:11:59 / HTTPD103I ..THREAD 000CEBF0 main server thread
23:11:59 / HTTPD104I .....EYE CTHDTASK  .....TCB 009DC328  ..OWNTCB 00000000
23:11:59 / HTTPD105I .TERMECB 00000000  ......RC 00000000  STACKSZE 00010030
23:11:59 / HTTPD106I ....FUNC 00098D2C  ....ARG1 00000001  ....ARG2 000CF0E8
23:11:59 / HTTPD120I ...RNAME HTTPD.000B
23:11:59 / HTTPD199I -------------------------------------------------------
23:11:59 / HTTPD103I ..THREAD 0010AFC8 socket thread
23:11:59 / HTTPD104I .....EYE CTHDTASK  .....TCB 009CD9D0  ..OWNTCB 009DC328
23:11:59 / HTTPD105I .TERMECB 00000000  ......RC 00000000  STACKSZE 00008000
23:11:59 / HTTPD106I ....FUNC 00097B10  ....ARG1 000CF380  ....ARG2 0009ED80
23:11:59 / HTTPD119I ..SOCKET        6  ....PORT     8080  (HTTP Protocol)
23:11:59 / HTTPD199I -------------------------------------------------------
23:11:59 / HTTPD103I ..THREAD 00113FC8 dispatcher thread
23:11:59 / HTTPD104I .....EYE CTHDTASK  .....TCB 009CD7D8  ..OWNTCB 009DC328
23:11:59 / HTTPD105I .TERMECB 00000000  ......RC 00000000  STACKSZE 00008000
23:11:59 / HTTPD106I ....FUNC 0009FAB0  ....ARG1 000CE968  ....ARG2 00000000
23:11:59 / HTTPD107I .....EYE CTHDMGR   ....TASK 00113FC8  .WAITECB 809CD748
23:11:59 / HTTPD108I ....FUNC 000983F4  ...UDATA 000CF380  STACKSZE 00010000
23:11:59 / HTTPD109I ..WORKER 000CE054  ...QUEUE 000FF3BC  ...STATE 00000004 WAITING
23:11:59 / HTTPD110I .MINTASK        3  .MAXTASK        9
23:11:59 / HTTPD111I .WORKERS        9  .DISPCNT 773
23:11:59 / HTTPD199I -------------------------------------------------------
23:11:59 / HTTPD103I ..THREAD 0011EFC8 worker thread
23:11:59 / HTTPD104I .....EYE CTHDTASK  .....TCB 009CD500  ..OWNTCB 009CD7D8
23:11:59 / HTTPD105I .TERMECB 00000000  ......RC 00000000  STACKSZE 00010000
23:11:59 / HTTPD106I ....FUNC 000983F4  ....ARG1 000CF380  ....ARG2 000CE0C8
23:11:59 / HTTPD112I ..WORKER 000CE0C8  .....EYE CTHDWORK  .WAITECB 00000000
23:11:59 / HTTPD113I .....MGR 000CE968  ....TASK 0011EFC8  ...QUEUE 0011CC08
23:11:59 / HTTPD114I ...STATE 00000001 RUNNING
23:11:59 / HTTPD115I ...START 000000006A7792C0  Sat Aug  8 15:34:08 2026
23:11:59 / HTTPD116I ....WAIT 000000006A77943F  Sat Aug  8 15:40:31 2026
23:11:59 / HTTPD117I ....DISP 000000006A7798B0  Sat Aug  8 15:59:28 2026
23:11:59 / HTTPD141I .DISPCNT 56
23:11:59 / HTTPD118I PROTOCOL HTTP      ....USER IBMUSER   ...GROUP ADMIN
23:11:59 / HTTPD119I ..REMOTE CLIENT    ....PORT    56081  ......IP 192.168.0.23
23:11:59 / HTTPD120I ..SOCKET        8  ....PORT    56081  ......IP 192.168.0.23
23:11:59 / HTTPD199I -------------------------------------------------------
23:11:59 / HTTPD103I ..THREAD 0012FFC8 worker thread
23:11:59 / HTTPD104I .....EYE CTHDTASK  .....TCB 009CD1D0  ..OWNTCB 009CD7D8
23:11:59 / HTTPD105I .TERMECB 00000000  ......RC 00000000  STACKSZE 00010000
23:11:59 / HTTPD106I ....FUNC 000983F4  ....ARG1 000CF380  ....ARG2 000FFB08
23:11:59 / HTTPD112I ..WORKER 000FFB08  .....EYE CTHDWORK  .WAITECB 00000000
23:11:59 / HTTPD113I .....MGR 000CE968  ....TASK 0012FFC8  ...QUEUE 003993A8
23:11:59 / HTTPD114I ...STATE 00000001 RUNNING
23:11:59 / HTTPD115I ...START 000000006A7792C0  Sat Aug  8 15:34:08 2026
23:11:59 / HTTPD116I ....WAIT 000000006A779AEB  Sat Aug  8 16:08:59 2026
23:11:59 / HTTPD117I ....DISP 000000006A779AEE  Sat Aug  8 16:09:02 2026
23:11:59 / HTTPD141I .DISPCNT 262
23:11:59 / HTTPD118I PROTOCOL HTTP      ....USER IBMUSER   ...GROUP ADMIN
23:11:59 / HTTPD119I ..REMOTE CLIENT    ....PORT    56670  ......IP 192.168.0.23
23:11:59 / HTTPD120I ..SOCKET       18  ....PORT    56670  ......IP 192.168.0.23
23:11:59 / HTTPD199I -------------------------------------------------------
23:11:59 / HTTPD103I ..THREAD 00140FC8 worker thread
23:12:00 / HTTPD104I .....EYE CTHDTASK  .....TCB 009BBDD8  ..OWNTCB 009CD7D8
23:12:00 / HTTPD105I .TERMECB 00000000  ......RC 00000000  STACKSZE 00010000
23:12:00 / HTTPD106I ....FUNC 000983F4  ....ARG1 000CF380  ....ARG2 000FFA88
23:12:00 / HTTPD112I ..WORKER 000FFA88  .....EYE CTHDWORK  .WAITECB 00000000
23:12:00 / HTTPD113I .....MGR 000CE968  ....TASK 00140FC8  ...QUEUE 002C3A28
23:12:00 / HTTPD114I ...STATE 00000001 RUNNING
23:12:00 / HTTPD115I ...START 000000006A7792C0  Sat Aug  8 15:34:08 2026
23:12:00 / HTTPD116I ....WAIT 000000006A7794FD  Sat Aug  8 15:43:41 2026
23:12:00 / HTTPD117I ....DISP 000000006A7798C6  Sat Aug  8 15:59:50 2026
23:12:00 / HTTPD141I .DISPCNT 29
23:12:00 / HTTPD118I PROTOCOL HTTP      ....USER IBMUSER   ...GROUP ADMIN
23:12:00 / HTTPD119I ..REMOTE CLIENT    ....PORT    56090  ......IP 192.168.0.23
23:12:00 / HTTPD120I ..SOCKET        9  ....PORT    56090  ......IP 192.168.0.23
23:12:00 / HTTPD199I -------------------------------------------------------
23:12:00 / HTTPD103I ..THREAD 00159FC8 worker thread
23:12:00 / HTTPD104I .....EYE CTHDTASK  .....TCB 009BADD8  ..OWNTCB 009CD7D8
23:12:00 / HTTPD105I .TERMECB 00000000  ......RC 00000000  STACKSZE 00010000
23:12:00 / HTTPD106I ....FUNC 000983F4  ....ARG1 000CF380  ....ARG2 0011CA08
23:12:00 / HTTPD112I ..WORKER 0011CA08  .....EYE CTHDWORK  .WAITECB 00000000
23:12:00 / HTTPD113I .....MGR 000CE968  ....TASK 00159FC8  ...QUEUE 00113A50
23:12:00 / HTTPD114I ...STATE 00000001 RUNNING
23:12:00 / HTTPD115I ...START 000000006A7792E9  Sat Aug  8 15:34:49 2026
23:12:00 / HTTPD116I ....WAIT 000000006A77991D  Sat Aug  8 16:01:17 2026
23:12:00 / HTTPD117I ....DISP 000000006A779927  Sat Aug  8 16:01:27 2026
23:12:00 / HTTPD141I .DISPCNT 6
23:12:00 / HTTPD118I PROTOCOL HTTP      ....USER IBMUSER   ...GROUP ADMIN
23:12:00 / HTTPD119I ..REMOTE CLIENT    ....PORT    56111  ......IP 192.168.0.23
23:12:00 / HTTPD120I ..SOCKET       17  ....PORT    56111  ......IP 192.168.0.23
23:12:00 / HTTPD199I -------------------------------------------------------
23:12:00 / HTTPD103I ..THREAD 00270FC8 worker thread
23:12:00 / HTTPD104I .....EYE CTHDTASK  .....TCB 009B0EB8  ..OWNTCB 009CD7D8
23:12:00 / HTTPD105I .TERMECB 00000000  ......RC 00000000  STACKSZE 00010000
23:12:00 / HTTPD106I ....FUNC 000983F4  ....ARG1 000CF380  ....ARG2 0010ACC8
23:12:00 / HTTPD112I ..WORKER 0010ACC8  .....EYE CTHDWORK  .WAITECB 00000000
23:12:00 / HTTPD113I .....MGR 000CE968  ....TASK 00270FC8  ...QUEUE 000FF430
23:12:00 / HTTPD114I ...STATE 00000001 RUNNING
23:12:00 / HTTPD115I ...START 000000006A779322  Sat Aug  8 15:35:46 2026
23:12:00 / HTTPD116I ....WAIT 000000006A779466  Sat Aug  8 15:41:10 2026
23:12:00 / HTTPD117I ....DISP 000000006A77989B  Sat Aug  8 15:59:07 2026
23:12:00 / HTTPD141I .DISPCNT 2
23:12:00 / HTTPD118I PROTOCOL HTTP      ....USER IBMUSER   ...GROUP ADMIN
23:12:00 / HTTPD119I ..REMOTE CLIENT    ....PORT    56078  ......IP 192.168.0.23
23:12:00 / HTTPD120I ..SOCKET        7  ....PORT    56078  ......IP 192.168.0.23
23:12:00 / HTTPD199I -------------------------------------------------------
23:12:00 / HTTPD103I ..THREAD 00283FC8 worker thread
23:12:00 / HTTPD104I .....EYE CTHDTASK  .....TCB 009B0AB0  ..OWNTCB 009CD7D8
23:12:00 / HTTPD105I .TERMECB 00000000  ......RC 00000000  STACKSZE 00010000
23:12:00 / HTTPD106I ....FUNC 000983F4  ....ARG1 000CF380  ....ARG2 002826E0
23:12:00 / HTTPD112I ..WORKER 002826E0  .....EYE CTHDWORK  .WAITECB 00000000
23:12:00 / HTTPD113I .....MGR 000CE968  ....TASK 00283FC8  ...QUEUE 002C3758
23:12:00 / HTTPD114I ...STATE 00000001 RUNNING
23:12:00 / HTTPD115I ...START 000000006A77932B  Sat Aug  8 15:35:55 2026
23:12:00 / HTTPD116I ....WAIT 000000006A7798AA  Sat Aug  8 15:59:22 2026
23:12:00 / HTTPD117I ....DISP 000000006A7798DC  Sat Aug  8 16:00:12 2026
23:12:00 / HTTPD141I .DISPCNT 2
23:12:00 / HTTPD118I PROTOCOL HTTP      ....USER IBMUSER   ...GROUP ADMIN
23:12:00 / HTTPD119I ..REMOTE CLIENT    ....PORT    56095  ......IP 192.168.0.23
23:12:00 / HTTPD120I ..SOCKET       15  ....PORT    56095  ......IP 192.168.0.23
23:12:00 / HTTPD199I -------------------------------------------------------
23:12:00 / HTTPD103I ..THREAD 003F3FC8 worker thread
23:12:00 / HTTPD104I .....EYE CTHDTASK  .....TCB 009B1258  ..OWNTCB 009CD7D8
23:12:00 / HTTPD105I .TERMECB 00000000  ......RC 00000000  STACKSZE 00010000
23:12:00 / HTTPD106I ....FUNC 000983F4  ....ARG1 000CF380  ....ARG2 0022E360
23:12:00 / HTTPD112I ..WORKER 0022E360  .....EYE CTHDWORK  .WAITECB 00000000
23:12:00 / HTTPD113I .....MGR 000CE968  ....TASK 003F3FC8  ...QUEUE 00538348
23:12:00 / HTTPD114I ...STATE 00000001 RUNNING
23:12:00 / HTTPD115I ...START 000000006A779947  Sat Aug  8 16:01:59 2026
23:12:00 / HTTPD116I ....WAIT 000000006A779B71  Sat Aug  8 16:11:13 2026
23:12:00 / HTTPD117I ....DISP 000000006A779B71  Sat Aug  8 16:11:13 2026
23:12:00 / HTTPD141I .DISPCNT 377
23:12:00 / HTTPD118I PROTOCOL HTTP      ....USER IBMUSER   ...GROUP ADMIN
23:12:00 / HTTPD119I ..REMOTE CLIENT    ....PORT    56818  ......IP 192.168.0.23
23:12:00 / HTTPD120I ..SOCKET       22  ....PORT    56818  ......IP 192.168.0.23
23:12:00 / HTTPD199I -------------------------------------------------------
23:12:00 / HTTPD103I ..THREAD 004AEFC8 worker thread
23:12:00 / HTTPD104I .....EYE CTHDTASK  .....TCB 009968D8  ..OWNTCB 009CD7D8
23:12:00 / HTTPD105I .TERMECB 00000000  ......RC 00000000  STACKSZE 00010000
23:12:00 / HTTPD106I ....FUNC 000983F4  ....ARG1 000CF380  ....ARG2 004AB038
23:12:00 / HTTPD112I ..WORKER 004AB038  .....EYE CTHDWORK  .WAITECB 00000000
23:12:00 / HTTPD113I .....MGR 000CE968  ....TASK 004AEFC8  ...QUEUE 004A33E8
23:12:00 / HTTPD114I ...STATE 00000001 RUNNING
23:12:00 / HTTPD115I ...START 000000006A779AF1  Sat Aug  8 16:09:05 2026
23:12:00 / HTTPD116I ....WAIT 000000006A779B0A  Sat Aug  8 16:09:30 2026
23:12:00 / HTTPD117I ....DISP 000000006A779B0C  Sat Aug  8 16:09:32 2026
23:12:00 / HTTPD141I .DISPCNT 12
23:12:00 / HTTPD118I PROTOCOL HTTP      ....USER IBMUSER   ...GROUP ADMIN
23:12:00 / HTTPD119I ..REMOTE CLIENT    ....PORT    56712  ......IP 192.168.0.23
23:12:00 / HTTPD120I ..SOCKET       19  ....PORT    56712  ......IP 192.168.0.23
23:12:00 / HTTPD199I -------------------------------------------------------
23:12:00 / HTTPD103I ..THREAD 005D2FC8 worker thread
23:12:00 / HTTPD104I .....EYE CTHDTASK  .....TCB 0099C608  ..OWNTCB 009CD7D8
23:12:00 / HTTPD105I .TERMECB 00000000  ......RC 00000000  STACKSZE 00010000
23:12:00 / HTTPD106I ....FUNC 000983F4  ....ARG1 000CF380  ....ARG2 00591808
23:12:00 / HTTPD112I ..WORKER 00591808  .....EYE CTHDWORK  .WAITECB 00000000
23:12:00 / HTTPD113I .....MGR 000CE968  ....TASK 005D2FC8  ...QUEUE 00419E10
23:12:00 / HTTPD114I ...STATE 00000001 RUNNING
23:12:00 / HTTPD115I ...START 000000006A779B0D  Sat Aug  8 16:09:33 2026
23:12:00 / HTTPD116I ....WAIT 000000006A779B4F  Sat Aug  8 16:10:39 2026
23:12:00 / HTTPD117I ....DISP 000000006A779B50  Sat Aug  8 16:10:40 2026
23:12:00 / HTTPD141I .DISPCNT 27
23:12:00 / HTTPD118I PROTOCOL HTTP      ....USER IBMUSER   ...GROUP ADMIN
23:12:00 / HTTPD119I ..REMOTE CLIENT    ....PORT    56797  ......IP 192.168.0.23
23:12:00 / HTTPD120I ..SOCKET       20  ....PORT    56797  ......IP 192.168.0.23
23:12:00 / HTTPD199I -------------------------------------------------------
23:12:00 / HTTPD141I .DISPCNT 27
23:12:00 / HTTPD118I PROTOCOL HTTP      ....USER IBMUSER   ...GROUP ADMIN
23:12:00 / HTTPD119I ..REMOTE CLIENT    ....PORT    56797  ......IP 192.168.0.23
23:12:00 / HTTPD120I ..SOCKET       20  ....PORT    56797  ......IP 192.168.0.23
23:12:00 / HTTPD199I -------------------------------------------------------
23:12:06 HHC00013I '/' input entered for console 0:0009: "F HTTPD,D STATS"
23:12:06 F HTTPD,D STATS
23:12:06 / HTTPD100I CONS(2) "D STATS"
23:12:06 / HTTPD411I SMF: NONE (Type 243)
23:12:06 / HTTPD412I Requests: 764  Errors: 3  Bytes: 175418284  Active: 15
*** evidence in liveness-230159.log
