=== baseline ===
health=200
  :0:WAITING
  009B0AB0:0:WAITING
  009B0EB8:1:WAITING
  009BADD8:1:WAITING
  009BADD8:2:WAITING
  009BBDD8:27:WAITING
  009BBDD8:28:WAITING
  009CD1D0:43:WAITING
  009CD1D0:44:WAITING
  009CD500:55:WAITING

=== case 1: Content-Length 100000, ~17 bytes sent, then disconnect ===
  sent: case1
health=200
  :0:
  009B0AB0:0:WAITING
  009B0AB0:1:WAITING
  009B0EB8:1:WAITING
  009B0EB8:2:RUNNING
  009BADD8:2:WAITING
  009BBDD8:28:WAITING
  009CD1D0:44:WAITING
  009CD500:55:WAITING

=== case 2: chunk size FFFFFFFF -> (int) is negative ===
  sent: case2
health=200
  009B0AB0:1:WAITING
  009B0EB8:2:RUNNING
  009BADD8:2:WAITING
  009BBDD8:28:WAITING
  009CD1D0:44:WAITING
  009CD1D0:45:WAITING
  009CD500:55:WAITING
  009CD500:56:RUNNING

=== case 3: chunk-size line 16 chars, no CR within the buffer ===
  sent: case3
health=200
  009B0AB0:1:WAITING
  009B0EB8:2:RUNNING
  009BADD8:2:WAITING
  009BADD8:3:WAITING
  009BBDD8:28:WAITING
  009BBDD8:29:RUNNING
  009CD1D0:45:WAITING
  009CD500:56:RUNNING

=== case 4: chunk header 0x1000 announced, no data, socket held open ===
  sent: case4
health=200
  009B0AB0:1:WAITING
  009B0AB0:2:RUNNING
  009B0EB8:2:RUNNING
  009BADD8:3:WAITING
  009BBDD8:29:RUNNING
  009CD1D0:45:WAITING
  009CD1D0:46:WAITING
  009CD500:56:RUNNING

=== evidence in malformed-225900.log ===
